{"Instance": "C1065_064.cnf", "Time": "0.96", "Result": "UNSAT"}
{"Instance": "C1065_082.cnf", "Time": "0.70", "Result": "UNSAT"}
{"Instance": "C140.cnf", "Time": "0.07", "Result": "SAT"}
{"Instance": "C1597_024.cnf", "Time": "41.34", "Result": "SAT"}
{"Instance": "C1597_060.cnf", "Time": "5.94", "Result": "SAT"}
{"Instance": "C1597_081.cnf", "Time": "6.39", "Result": "SAT"}
{"Instance": "C168_128.cnf", "Time": "0.06", "Result": "UNSAT"}
{"Instance": "C175_145.cnf", "Time": "112.34", "Result": "SAT"}
{"Instance": "C181_3151.cnf", "Time": "0.07", "Result": "SAT"}
{"Instance": "C200_1806.cnf", "Time": "6.63", "Result": "UNSAT"}
{"Instance": "C208_120.cnf", "Time": "0.07", "Result": "UNSAT"}
{"Instance": "C208_3254.cnf", "Time": "0.07", "Result": "UNSAT"}
{"Instance": "C210_30.cnf", "Time": "0.07", "Result": "UNSAT"}
{"Instance": "C210_55.cnf", "Time": "0.07", "Result": "UNSAT"}
{"Instance": "C243_188.cnf", "Time": "1.23", "Result": "SAT"}
{"Instance": "C289_179.cnf", "Time": "5.67", "Result": "UNSAT"}
{"Instance": "C459_4675.cnf", "Time": "0.07", "Result": "SAT"}
{"Instance": "C53_895.cnf", "Time": "14.26", "Result": "UNSAT"}
{"Instance": "U50_1065_038.cnf", "Time": "0.56", "Result": "UNSAT"}
{"Instance": "U50_1065_045.cnf", "Time": "1.02", "Result": "UNSAT"}
{"Instance": "U50_4450_035.cnf", "Time": "64.56", "Result": "SAT"}
{"Instance": "U75_1597_024.cnf", "Time": "41.61", "Result": "SAT"}
